1=Wärmetauscherfühler AG Eintritt (OCT) defekt
2=Druckgastemperaturfühler (CTT) defekt
3=Temperaturfühler im Inverter (HST) defekt
4=Luftansaugfühler (OAT) defekt
5=Wärmetauscherfühler AG Mitte (OMT) defekt
8=Hochdruck zu hoch
9=Niederdruck zu niedrig
10=Keine Kommunikation zum Inverter
11=Überstrom Verdichter
13=Kältekreislauf undicht
14=DC Über- oder Unterspannung
15=AC Über- oder Unterspannung
16=Außengerät und Hydraulikeinheit nicht kompatibel
17=Kommunikationsfehler
18=Außengerät überlastet
19=Fehler am Frequenzumrichter
20=Kühlbetrieb: Wärmetauscher Außengerät überhitzt
21=Systemtemperatur zu gering
22=Verdichter überhitzt
23=Stromaufnahme vom Verdichtermotor zu hoch
24=Ventilator läuft nicht
26=Verdichter blockiert
27=Systemtemperatur zu gering
28=Verdichter kann nicht gestartet werden
29=Kältemittelfühler Innen (B8) oder Wärmetauscher-Drucksensor ICT (B12) defekt
30=Verflüssiger überhitzt
31=Kältemittelfühler Innen (B8) zeigt unplausible Werte oder Einsatzgrenzen an
40=Durchfluss zu gering
41=Spreizung LWT/Rücklauf negativ
42=Druck am Wärmetauscher-Drucksensor Innen
47=Außengerät ohne Spannungsversorgung
50=Außenfühler (B1) unterbrochen
51=Außenfühler (B1) kurzgeschlossen
52=Weichenfühler (B2) unterbrochen
53=Weichenfühler (B2) kurzgeschlossen
54=Warmwasserfühler (B3) unterbrochen
55=Warmwasserfühler (B3) kurzgeschlossen
56=Durchflusssensor (B10) unterbrochen
57=Durchflusssensor (B10) kurzgeschlossen
58=Vorlauffühler Elektroheizung (B7) unterbrochen
59=Vorlauffühler Elektroheizung (B7) kurzgeschlossen
60=Kältemittelfühler Innen (B8) unterbrochen
61=Kältemittelfühler Innen (B8) kurzgeschlossen
62=Rücklauffühler EWT (B9) unterbrochen
63=Rücklauffühler EWT (B9) kurzgeschlossen
64=Durchflusssensor (B10) unterbrochen
65=Durchflusssensor (B10) kurzgeschlossen
66=Wärmetauscher-Drucksensor Innen (B12) unterbrochen
67=Wärmetauscher-Drucksensor Innen (B12) kurzgeschlossen
68=Durchflusssensor (B10): Signalfehler
70=Vorlauffühler Zweiter Heizkreis unterbrochen
71=Vorlauffühler Zweiter Heizkreis kurzgeschlossen
72=Fühler (T1) unterbrochen (optional)
73=Fühler (T1) kurzgeschlossen (optional)
74=Fühler (T2) unterbrochen (optional)
75=Fühler (T2) kurzgeschlossen (optional)
98=Interner Fehler
99=Nicht definierter Fehler
65535=kein Fehler
