1 = Pausenzeit 12.0h
2 = Pausenzeit 11.5h
3 = Pausenzeit 11.0h
4 = Pausenzeit 10.5h
5 = Pausenzeit 10.0h
6 = Pausenzeit 9.5h
7 = Pausenzeit 9.0h
8 = Pausenzeit 8.5h
9 = Pausenzeit 8.0h
10 = Pausenzeit 7.5h
11 = Pausenzeit 7.0h
12 = Pausenzeit 6.5h
13 = Pausenzeit 6.0h
14 = Pausenzeit 5.5h
15 = Pausenzeit 5.0h
16 = Pausenzeit 4.5h
17 = Pausenzeit 4.0h
18 = Pausenzeit 3.5h
19 = Pausenzeit 3.0h
20 = Pausenzeit 2.5h
21 = Pausenzeit 2.0h
22 = Pausenzeit 1.5h
23 = Pausenzeit 1.0h
24 = Pausenzeit 0.5h
25 = Automatik
26 = Partyzeit 0.5h
27 = Partyzeit 1.0h
28 = Partyzeit 1.5h
29 = Partyzeit 2.0h
30 = Partyzeit 2.5h
31 = Partyzeit 3.0h
32 = Partyzeit 3.5h
33 = Partyzeit 4.0h
34 = Partyzeit 4.5h
35 = Partyzeit 5.0h
36 = Partyzeit 5.5h
37 = Partyzeit 6.0h
38 = Partyzeit 6.5h
39 = Partyzeit 7.0h
40 = Partyzeit 7.5h
41 = Partyzeit 8.0h
42 = Partyzeit 8.5h
43 = Partyzeit 9.0h
44 = Partyzeit 9.5h
45 = Partyzeit 10.0h
46 = Partyzeit 10.5h
47 = Partyzeit 11.0h
48 = Partyzeit 11.5h
49 = Partyzeit 12.0h
