ConsumerProducts.CoffeeMaker.Program.Beverage.CaffeLatte=Caffè Latte
ConsumerProducts.CoffeeMaker.Program.Beverage.Cappuccino=Cappuccino
ConsumerProducts.CoffeeMaker.Program.Beverage.Coffee=Kaffee
ConsumerProducts.CoffeeMaker.Program.Beverage.Espresso=Espresso
ConsumerProducts.CoffeeMaker.Program.Beverage.EspressoDoppio=Espresso Doppio
ConsumerProducts.CoffeeMaker.Program.Beverage.EspressoMacchiato=Espresso Macchiato
ConsumerProducts.CoffeeMaker.Program.Beverage.HotWater=Heißes Wasser
ConsumerProducts.CoffeeMaker.Program.Beverage.LatteMacchiato=Latte Macchiato
ConsumerProducts.CoffeeMaker.Program.Beverage.MilkFroth=Milchschaum
ConsumerProducts.CoffeeMaker.Program.Beverage.Ristretto=Ristretto
ConsumerProducts.CoffeeMaker.Program.Beverage.WarmMilk=Warme Milch
ConsumerProducts.CoffeeMaker.Program.Beverage.XLCoffee=XL Kaffee
ConsumerProducts.CoffeeMaker.Program.CoffeeWorld.Americano=Americano
ConsumerProducts.CoffeeMaker.Program.CoffeeWorld.BlackEye=Black Eye
ConsumerProducts.CoffeeMaker.Program.CoffeeWorld.CafeAuLait=Café au Lait
ConsumerProducts.CoffeeMaker.Program.CoffeeWorld.CafeConLeche=Cafe Con Leche
ConsumerProducts.CoffeeMaker.Program.CoffeeWorld.CafeCortado=Cafe Cortado
ConsumerProducts.CoffeeMaker.Program.CoffeeWorld.Cortado=Cortado
ConsumerProducts.CoffeeMaker.Program.CoffeeWorld.DeadEye=Dead Eye
ConsumerProducts.CoffeeMaker.Program.CoffeeWorld.FlatWhite=Flat White
ConsumerProducts.CoffeeMaker.Program.CoffeeWorld.Galao=Galao
ConsumerProducts.CoffeeMaker.Program.CoffeeWorld.Garoto=Garoto
ConsumerProducts.CoffeeMaker.Program.CoffeeWorld.GrosserBrauner=Grosser Brauner
ConsumerProducts.CoffeeMaker.Program.CoffeeWorld.Kaapi=Kaapi
ConsumerProducts.CoffeeMaker.Program.CoffeeWorld.KleinerBrauner=Kleiner Brauner
ConsumerProducts.CoffeeMaker.Program.CoffeeWorld.KoffieVerkeerd=Koffie Verkeerd
ConsumerProducts.CoffeeMaker.Program.CoffeeWorld.RedEye=Red Eye
ConsumerProducts.CoffeeMaker.Program.CoffeeWorld.Verlaengerter=Verlaengerter
ConsumerProducts.CoffeeMaker.Program.CoffeeWorld.VerlaengerterBraun=Verlaengerter Braun
ConsumerProducts.CoffeeMaker.Program.CoffeeWorld.WienerMelange=Wiener Melange
ConsumerProducts.CoffeeMaker.Program.CleaningModes.ApplianceOffRinsing=Gerät ausschalten und spülen
ConsumerProducts.CoffeeMaker.Program.CleaningModes.ApplianceOnRinsing=Gerät im Spülmodus
ConsumerProducts.CoffeeMaker.Program.CleaningModes.CalcNClean=CalcNClean
ConsumerProducts.CoffeeMaker.Program.CleaningModes.Clean=Säubern
ConsumerProducts.CoffeeMaker.Program.CleaningModes.Descale=Entkalken
ConsumerProducts.CoffeeMaker.Program.CleaningModes.FrostProtection=Frostschutz
ConsumerProducts.CoffeeMaker.Program.CleaningModes.RinseMilkSystem=Spülmilchsystem
ConsumerProducts.CoffeeMaker.Program.CleaningModes.RinseWaterFilter=Spülwasserfilter
ConsumerProducts.CoffeeMaker.Program.CleaningModes.SpecialRinsing=Spezialspülungen
=Unbekannt
