LaundryCare.Washer.Program.Mix=Schnell/Mix
LaundryCare.Washer.Program.Mix.NightWash=Schnell/Mix leise
LaundryCare.Washer.Program.Cotton=Baumwolle
LaundryCare.Washer.Program.CottonEco=Baumwolle/Eco
LaundryCare.Washer.Program.Cotton.CottonEco=Baumwolle/Eco
LaundryCare.Washer.Program.EasyCare=Pflegeleicht
LaundryCare.Washer.Program.DelicatesSilk=Fein/Seide
LaundryCare.Washer.Program.Wool=Wolle
LaundryCare.Washer.Program.Sensitive=Allergie Plus
LaundryCare.Washer.Program.Auto30=Automatisch 30 °C
LaundryCare.Washer.Program.Auto40=Automatisch 40 °C
LaundryCare.Washer.Program.Auto60=Automatisch 60 °C
LaundryCare.Washer.Program.Chiffon=Chiffon
LaundryCare.Washer.Program.Curtains=Vorhänge
LaundryCare.Washer.Program.DarkWash=Dunkle Wäsche
LaundryCare.Washer.Program.Dessous=Unterwäsche
LaundryCare.Washer.Program.Monsoon=Monsun
LaundryCare.Washer.Program.Outdoor=Outdoor
LaundryCare.Washer.Program.PlushToy=Plüschtiere
LaundryCare.Washer.Program.ShirtsBlouses=Hemden/Blusen
LaundryCare.Washer.Program.SportFitness=Sportwäsche
LaundryCare.Washer.Program.Towels=Handtücher
LaundryCare.Washer.Program.WaterProof=Wasserdicht
LaundryCare.Washer.Program.Super153045.Super1530=Extra Kurz
LaundryCare.Washer.Program.Rinse=Spülen
LaundryCare.Washer.Program.Spin.SpinDrain=Schleudern
LaundryCare.Washer.Program.DrumClean=Trommel reinigen
=Unbekannt
