Mix=Schnell/Mix
LaundryCare.Washer.Program.Mix=Schnell/Mix
Night\ Wash=Schnell/Mix leise
LaundryCare.Washer.Program.Mix.NightWash=Schnell/Mix leise
Cotton=Baumwolle
LaundryCare.Washer.Program.Cotton=Baumwolle
Cotton\ Eco=Baumwolle/Eco
LaundryCare.Washer.Program.CottonEco=Baumwolle/Eco
LaundryCare.Washer.Program.Cotton.CottonEco=Baumwolle/Eco
Easy\ Care=Pflegeleicht
LaundryCare.Washer.Program.EasyCare=Pflegeleicht
Delicates\ Silk=Fein/Seide
LaundryCare.Washer.Program.DelicatesSilk=Fein/Seide
Wool=Wolle
LaundryCare.Washer.Program.Wool=Wolle
Sensitive=Allergie Plus
LaundryCare.Washer.Program.Sensitive=Allergie Plus
Auto30=Automatisch 30 °C
LaundryCare.Washer.Program.Auto30=Automatisch 30 °C
Auto40=Automatisch 40 °C
LaundryCare.Washer.Program.Auto40=Automatisch 40 °C
Auto60=Automatisch 60 °C
LaundryCare.Washer.Program.Auto60=Automatisch 60 °C
Chiffon=Chiffon
LaundryCare.Washer.Program.Chiffon=Chiffon
Curtains=Vorhänge
LaundryCare.Washer.Program.Curtains=Vorhänge
Dark\ Wash=Dunkle Wäsche
LaundryCare.Washer.Program.DarkWash=Dunkle Wäsche
Dessous=Unterwäsche
LaundryCare.Washer.Program.Dessous=Unterwäsche
Monsoon=Monsun
LaundryCare.Washer.Program.Monsoon=Monsun
Outdoor=Outdoor
LaundryCare.Washer.Program.Outdoor=Outdoor
Plush\ Toy=Plüschtiere
LaundryCare.Washer.Program.PlushToy=Plüschtiere
Shirts\ Blouses=Hemden/Blusen
LaundryCare.Washer.Program.ShirtsBlouses=Hemden/Blusen
Sport\ Fitness=Sportwäsche
LaundryCare.Washer.Program.SportFitness=Sportwäsche
Towels=Handtücher
LaundryCare.Washer.Program.Towels=Handtücher
Water\ Proof=Wasserdicht
LaundryCare.Washer.Program.WaterProof=Wasserdicht
Super1530=Extra Kurz
LaundryCare.Washer.Program.Super153045.Super1530=Extra Kurz
Rinse=Spülen
LaundryCare.Washer.Program.Rinse=Spülen
SpinDrain=Schleudern
LaundryCare.Washer.Program.Spin.SpinDrain=Schleudern
DrumClean=Trommel reinigen
LaundryCare.Washer.Program.DrumClean=Trommel reinigen
-=Aus
NULL=Aus
